2026-05-25 14:07:52 [ERROR] [MainThread] ytm_player.services.ytmusic: ytmusicapi call failed (func=get_liked_songs, consecutive_failures=1)
Traceback (most recent call last):
  File "/usr/lib/python3.14/asyncio/tasks.py", line 488, in wait_for
    return await fut
           ^^^^^^^^^
  File "/usr/lib/python3.14/asyncio/threads.py", line 25, in to_thread
    return await loop.run_in_executor(None, func_call)
           ^^^^^^^^^^^^^^^^^^^^^^^^^^^^^^^^^^^^^^^^^^^
asyncio.exceptions.CancelledError

The above exception was the direct cause of the following exception:

Traceback (most recent call last):
  File "/usr/lib/python3.14/site-packages/ytm_player/services/ytmusic.py", line 177, in _call
    result = await asyncio.wait_for(
             ^^^^^^^^^^^^^^^^^^^^^^^
    ...<2 lines>...
    )
    ^
  File "/usr/lib/python3.14/asyncio/tasks.py", line 487, in wait_for
    async with timeouts.timeout(timeout):
               ~~~~~~~~~~~~~~~~^^^^^^^^^
  File "/usr/lib/python3.14/asyncio/timeouts.py", line 114, in __aexit__
    raise TimeoutError from exc_val
TimeoutError
2026-05-25 14:07:52 [ERROR] [MainThread] ytm_player.services.ytmusic: get_liked_songs failed
Traceback (most recent call last):
  File "/usr/lib/python3.14/asyncio/tasks.py", line 488, in wait_for
    return await fut
           ^^^^^^^^^
  File "/usr/lib/python3.14/asyncio/threads.py", line 25, in to_thread
    return await loop.run_in_executor(None, func_call)
           ^^^^^^^^^^^^^^^^^^^^^^^^^^^^^^^^^^^^^^^^^^^
asyncio.exceptions.CancelledError

The above exception was the direct cause of the following exception:

Traceback (most recent call last):
  File "/usr/lib/python3.14/site-packages/ytm_player/services/ytmusic.py", line 273, in get_liked_songs
    playlist = await self._call(self.client.get_liked_songs, timeout=timeout, limit=limit)
               ^^^^^^^^^^^^^^^^^^^^^^^^^^^^^^^^^^^^^^^^^^^^^^^^^^^^^^^^^^^^^^^^^^^^^^^^^^^
  File "/usr/lib/python3.14/site-packages/ytm_player/services/ytmusic.py", line 177, in _call
    result = await asyncio.wait_for(
             ^^^^^^^^^^^^^^^^^^^^^^^
    ...<2 lines>...
    )
    ^
  File "/usr/lib/python3.14/asyncio/tasks.py", line 487, in wait_for
    async with timeouts.timeout(timeout):
               ~~~~~~~~~~~~~~~~^^^^^^^^^
  File "/usr/lib/python3.14/asyncio/timeouts.py", line 114, in __aexit__
    raise TimeoutError from exc_val
TimeoutError
2026-05-25 14:08:11 [ERROR] [MainThread] ytm_player.services.ytmusic: ytmusicapi call failed (func=get_liked_songs, consecutive_failures=2)
Traceback (most recent call last):
  File "/usr/lib/python3.14/site-packages/ytmusicapi/navigation.py", line 138, in nav
    root = root[k]
           ~~~~^^^
KeyError: 'twoColumnBrowseResultsRenderer'

During handling of the above exception, another exception occurred:

Traceback (most recent call last):
  File "/usr/lib/python3.14/site-packages/ytm_player/services/ytmusic.py", line 177, in _call
    result = await asyncio.wait_for(
             ^^^^^^^^^^^^^^^^^^^^^^^
    ...<2 lines>...
    )
    ^
  File "/usr/lib/python3.14/asyncio/tasks.py", line 488, in wait_for
    return await fut
           ^^^^^^^^^
  File "/usr/lib/python3.14/asyncio/threads.py", line 25, in to_thread
    return await loop.run_in_executor(None, func_call)
           ^^^^^^^^^^^^^^^^^^^^^^^^^^^^^^^^^^^^^^^^^^^
  File "/usr/lib/python3.14/concurrent/futures/thread.py", line 86, in run
    result = ctx.run(self.task)
  File "/usr/lib/python3.14/concurrent/futures/thread.py", line 73, in run
    return fn(*args, **kwargs)
  File "/usr/lib/python3.14/site-packages/ytmusicapi/mixins/playlists.py", line 243, in get_liked_songs
    return self.get_playlist("LM", limit)
           ~~~~~~~~~~~~~~~~~^^^^^^^^^^^^^
  File "/usr/lib/python3.14/site-packages/ytmusicapi/mixins/playlists.py", line 157, in get_playlist
    header_data = nav(response, [*TWO_COLUMN_RENDERER, *TAB_CONTENT, *SECTION_LIST_ITEM])
  File "/usr/lib/python3.14/site-packages/ytmusicapi/navigation.py", line 142, in nav
    raise type(e)(f"Unable to find '{k}' using path {items!r} on {root!r}, exception: {e}")
KeyError: "Unable to find 'twoColumnBrowseResultsRenderer' using path ['contents', 'twoColumnBrowseResultsRenderer', 'tabs', 0, 'tabRenderer', 'content', 'sectionListRenderer', 'contents', 0] on {'singleColumnBrowseResultsRenderer': {'tabs': [{'tabRenderer': {'selected': True, 'content': {'sectionListRenderer': {'contents': [{'itemSectionRenderer': {'contents': [{'messageRenderer': {'text': {'runs': [{'text': 'Looking for what you’ve liked?'}]}, 'icon': {'iconType': 'LIKE'}, 'trackingParams': 'CAQQljsYACITCLrYyOOE1JQDFVIptwAdFbQ13Q==', 'button': {'buttonRenderer': {'style': 'STYLE_DEFAULT', 'isDisabled': False, 'text': {'runs': [{'text': 'Sign in'}]}, 'navigationEndpoint': {'clickTrackingParams': 'CAUQ8FsiEwi62MjjhNSUAxVSKbcAHRW0Nd3KAQTV5hrh', 'signInEndpoint': {'hack': True}}, 'trackingParams': 'CAUQ8FsiEwi62MjjhNSUAxVSKbcAHRW0Nd0='}}, 'subtext': {'messageSubtextRenderer': {'text': {'runs': [{'text': 'Sign in to listen to your liked tracks'}]}}}, 'style': {'value': 'RENDER_STYLE_VERTICAL_CENTERED'}}}], 'trackingParams': 'CAMQuy8YACITCLrYyOOE1JQDFVIptwAdFbQ13Q=='}}], 'trackingParams': 'CAIQui8iEwi62MjjhNSUAxVSKbcAHRW0Nd0='}}, 'trackingParams': 'CAEQ8JMBGAAiEwi62MjjhNSUAxVSKbcAHRW0Nd0='}}]}}, exception: 'twoColumnBrowseResultsRenderer'"
2026-05-25 14:08:11 [ERROR] [MainThread] ytm_player.services.ytmusic: get_liked_songs failed
Traceback (most recent call last):
  File "/usr/lib/python3.14/site-packages/ytmusicapi/navigation.py", line 138, in nav
    root = root[k]
           ~~~~^^^
KeyError: 'twoColumnBrowseResultsRenderer'

During handling of the above exception, another exception occurred:

Traceback (most recent call last):
  File "/usr/lib/python3.14/site-packages/ytm_player/services/ytmusic.py", line 273, in get_liked_songs
    playlist = await self._call(self.client.get_liked_songs, timeout=timeout, limit=limit)
               ^^^^^^^^^^^^^^^^^^^^^^^^^^^^^^^^^^^^^^^^^^^^^^^^^^^^^^^^^^^^^^^^^^^^^^^^^^^
  File "/usr/lib/python3.14/site-packages/ytm_player/services/ytmusic.py", line 177, in _call
    result = await asyncio.wait_for(
             ^^^^^^^^^^^^^^^^^^^^^^^
    ...<2 lines>...
    )
    ^
  File "/usr/lib/python3.14/asyncio/tasks.py", line 488, in wait_for
    return await fut
           ^^^^^^^^^
  File "/usr/lib/python3.14/asyncio/threads.py", line 25, in to_thread
    return await loop.run_in_executor(None, func_call)
           ^^^^^^^^^^^^^^^^^^^^^^^^^^^^^^^^^^^^^^^^^^^
  File "/usr/lib/python3.14/concurrent/futures/thread.py", line 86, in run
    result = ctx.run(self.task)
  File "/usr/lib/python3.14/concurrent/futures/thread.py", line 73, in run
    return fn(*args, **kwargs)
  File "/usr/lib/python3.14/site-packages/ytmusicapi/mixins/playlists.py", line 243, in get_liked_songs
    return self.get_playlist("LM", limit)
           ~~~~~~~~~~~~~~~~~^^^^^^^^^^^^^
  File "/usr/lib/python3.14/site-packages/ytmusicapi/mixins/playlists.py", line 157, in get_playlist
    header_data = nav(response, [*TWO_COLUMN_RENDERER, *TAB_CONTENT, *SECTION_LIST_ITEM])
  File "/usr/lib/python3.14/site-packages/ytmusicapi/navigation.py", line 142, in nav
    raise type(e)(f"Unable to find '{k}' using path {items!r} on {root!r}, exception: {e}")
KeyError: "Unable to find 'twoColumnBrowseResultsRenderer' using path ['contents', 'twoColumnBrowseResultsRenderer', 'tabs', 0, 'tabRenderer', 'content', 'sectionListRenderer', 'contents', 0] on {'singleColumnBrowseResultsRenderer': {'tabs': [{'tabRenderer': {'selected': True, 'content': {'sectionListRenderer': {'contents': [{'itemSectionRenderer': {'contents': [{'messageRenderer': {'text': {'runs': [{'text': 'Looking for what you’ve liked?'}]}, 'icon': {'iconType': 'LIKE'}, 'trackingParams': 'CAQQljsYACITCLrYyOOE1JQDFVIptwAdFbQ13Q==', 'button': {'buttonRenderer': {'style': 'STYLE_DEFAULT', 'isDisabled': False, 'text': {'runs': [{'text': 'Sign in'}]}, 'navigationEndpoint': {'clickTrackingParams': 'CAUQ8FsiEwi62MjjhNSUAxVSKbcAHRW0Nd3KAQTV5hrh', 'signInEndpoint': {'hack': True}}, 'trackingParams': 'CAUQ8FsiEwi62MjjhNSUAxVSKbcAHRW0Nd0='}}, 'subtext': {'messageSubtextRenderer': {'text': {'runs': [{'text': 'Sign in to listen to your liked tracks'}]}}}, 'style': {'value': 'RENDER_STYLE_VERTICAL_CENTERED'}}}], 'trackingParams': 'CAMQuy8YACITCLrYyOOE1JQDFVIptwAdFbQ13Q=='}}], 'trackingParams': 'CAIQui8iEwi62MjjhNSUAxVSKbcAHRW0Nd0='}}, 'trackingParams': 'CAEQ8JMBGAAiEwi62MjjhNSUAxVSKbcAHRW0Nd0='}}]}}, exception: 'twoColumnBrowseResultsRenderer'"
2026-05-25 14:08:20 [ERROR] [MainThread] ytm_player.services.ytmusic: rate_song failed for 'qe8Q7mjxjig' rating='INDIFFERENT' (kind=auth_expired)
Traceback (most recent call last):
  File "/usr/lib/python3.14/site-packages/ytm_player/services/ytmusic.py", line 713, in rate_song
    await self._call(self.client.rate_song, video_id, rating)
  File "/usr/lib/python3.14/site-packages/ytm_player/services/ytmusic.py", line 177, in _call
    result = await asyncio.wait_for(
             ^^^^^^^^^^^^^^^^^^^^^^^
    ...<2 lines>...
    )
    ^
  File "/usr/lib/python3.14/asyncio/tasks.py", line 488, in wait_for
    return await fut
           ^^^^^^^^^
  File "/usr/lib/python3.14/asyncio/threads.py", line 25, in to_thread
    return await loop.run_in_executor(None, func_call)
           ^^^^^^^^^^^^^^^^^^^^^^^^^^^^^^^^^^^^^^^^^^^
  File "/usr/lib/python3.14/concurrent/futures/thread.py", line 86, in run
    result = ctx.run(self.task)
  File "/usr/lib/python3.14/concurrent/futures/thread.py", line 73, in run
    return fn(*args, **kwargs)
  File "/usr/lib/python3.14/site-packages/ytmusicapi/mixins/library.py", line 374, in rate_song
    return self._send_request(endpoint, body)
           ~~~~~~~~~~~~~~~~~~^^^^^^^^^^^^^^^^
  File "/usr/lib/python3.14/site-packages/ytmusicapi/ytmusic.py", line 243, in _send_request
    raise YTMusicServerError(message + error)
ytmusicapi.exceptions.YTMusicServerError: Server returned HTTP 401: Unauthorized.
You must be signed in to perform this operation.
2026-05-25 14:08:24 [ERROR] [MainThread] ytm_player.services.ytmusic: rate_song failed for 'qe8Q7mjxjig' rating='INDIFFERENT' (kind=auth_expired)
Traceback (most recent call last):
  File "/usr/lib/python3.14/site-packages/ytm_player/services/ytmusic.py", line 713, in rate_song
    await self._call(self.client.rate_song, video_id, rating)
  File "/usr/lib/python3.14/site-packages/ytm_player/services/ytmusic.py", line 177, in _call
    result = await asyncio.wait_for(
             ^^^^^^^^^^^^^^^^^^^^^^^
    ...<2 lines>...
    )
    ^
  File "/usr/lib/python3.14/asyncio/tasks.py", line 488, in wait_for
    return await fut
           ^^^^^^^^^
  File "/usr/lib/python3.14/asyncio/threads.py", line 25, in to_thread
    return await loop.run_in_executor(None, func_call)
           ^^^^^^^^^^^^^^^^^^^^^^^^^^^^^^^^^^^^^^^^^^^
  File "/usr/lib/python3.14/concurrent/futures/thread.py", line 86, in run
    result = ctx.run(self.task)
  File "/usr/lib/python3.14/concurrent/futures/thread.py", line 73, in run
    return fn(*args, **kwargs)
  File "/usr/lib/python3.14/site-packages/ytmusicapi/mixins/library.py", line 374, in rate_song
    return self._send_request(endpoint, body)
           ~~~~~~~~~~~~~~~~~~^^^^^^^^^^^^^^^^
  File "/usr/lib/python3.14/site-packages/ytmusicapi/ytmusic.py", line 243, in _send_request
    raise YTMusicServerError(message + error)
ytmusicapi.exceptions.YTMusicServerError: Server returned HTTP 401: Unauthorized.
You must be signed in to perform this operation.
2026-05-25 14:08:38 [WARNING] [MainThread] ytm_player.app._app: Auth validation failed at startup — session expired.
2026-05-25 14:09:28 [ERROR] [MainThread] ytm_player.services.ytmusic: rate_song failed for 'qe8Q7mjxjig' rating='INDIFFERENT' (kind=auth_expired)
Traceback (most recent call last):
  File "/usr/lib/python3.14/site-packages/ytm_player/services/ytmusic.py", line 713, in rate_song
    await self._call(self.client.rate_song, video_id, rating)
  File "/usr/lib/python3.14/site-packages/ytm_player/services/ytmusic.py", line 177, in _call
    result = await asyncio.wait_for(
             ^^^^^^^^^^^^^^^^^^^^^^^
    ...<2 lines>...
    )
    ^
  File "/usr/lib/python3.14/asyncio/tasks.py", line 488, in wait_for
    return await fut
           ^^^^^^^^^
  File "/usr/lib/python3.14/asyncio/threads.py", line 25, in to_thread
    return await loop.run_in_executor(None, func_call)
           ^^^^^^^^^^^^^^^^^^^^^^^^^^^^^^^^^^^^^^^^^^^
  File "/usr/lib/python3.14/concurrent/futures/thread.py", line 86, in run
    result = ctx.run(self.task)
  File "/usr/lib/python3.14/concurrent/futures/thread.py", line 73, in run
    return fn(*args, **kwargs)
  File "/usr/lib/python3.14/site-packages/ytmusicapi/mixins/library.py", line 374, in rate_song
    return self._send_request(endpoint, body)
           ~~~~~~~~~~~~~~~~~~^^^^^^^^^^^^^^^^
  File "/usr/lib/python3.14/site-packages/ytmusicapi/ytmusic.py", line 243, in _send_request
    raise YTMusicServerError(message + error)
ytmusicapi.exceptions.YTMusicServerError: Server returned HTTP 401: Unauthorized.
You must be signed in to perform this operation.
2026-05-26 01:13:55 [ERROR] [MPVEventHandlerThread] ytm_player.services.player: mpv[ffmpeg]: tcp: Failed to resolve hostname rr2---sn-ci5gup-qxaey.googlevideo.com: Temporary failure in name resolution
2026-05-26 01:13:55 [ERROR] [MPVEventHandlerThread] ytm_player.services.player: mpv[stream]: Failed to open https://rr2---sn-ci5gup-qxaey.googlevideo.com/videoplayback?expire=1779756376&ei=-JgUasK9Eu6I9fwP5v-LWA&ip=223.190.84.200&id=o-AG9uBPLFXo-PFd4t9zJbvFwnVmyuKl79Jz70f6asR4Lf&itag=251&source=youtube&requiressl=yes&xpc=EgVo2aDSNQ%3D%3D&cps=314&met=1779734776%2C&mh=UI&mm=31%2C26&mn=sn-ci5gup-qxaey%2Csn-cvh76nl6&ms=au%2Conr&mv=m&mvi=2&pl=22&rms=au%2Cau&gcr=in&initcwndbps=1932500&bui=AbKmrwqir9qy8gNxWrYkzTf_UildXC19tKsXUQC6VTCZ-axPucnXYgq0wEd15w-KaaQ_Q_6frrrByP-7&spc=96Xrv3nPRIhHX3G_BHUizzKP14JhHde43I25tn5wi22q&vprv=1&svpuc=1&mime=audio%2Fwebm&rqh=1&gir=yes&clen=6474794&dur=345.201&lmt=1774087512890890&mt=1779734469&fvip=4&keepalive=yes&fexp=51565116%2C51565681&c=ANDROID_VR&txp=5532534&sparams=expire%2Cei%2Cip%2Cid%2Citag%2Csource%2Crequiressl%2Cxpc%2Cgcr%2Cbui%2Cspc%2Cvprv%2Csvpuc%2Cmime%2Crqh%2Cgir%2Cclen%2Cdur%2Clmt&sig=AHEqNM4wRQIhAKS73shXC4MnlGoKcHJXVxHVmcuDVGDXFa4jSN_cFrQ6AiA4trviO_Y0CJp0iARm-33JcCuEQz44M3KZ5cQfAGXl1w%3D%3D&lsparams=cps%2Cmet%2Cmh%2Cmm%2Cmn%2Cms%2Cmv%2Cmvi%2Cpl%2Crms%2Cinitcwndbps&lsig=APaTxxMwRAIgUb53ZMZQ6nGkVHtWl-4rr0uxAzavm_UKRoe2HQHoOxkCIEqHtzAV_SttPyCs9N-pbI7v_awHObzt1QEtwm73dnk-.
